2026-03-13 13:02:20 [main] INFO  Log - Starting WebDriver...
2026-03-13 13:02:47 [main] INFO  Log - Navigating to URL...
2026-03-13 13:02:51 [main] INFO  Log - Starting login test...
2026-03-13 13:02:51 [main] INFO  Log - Adding credentails
2026-03-13 13:02:51 [main] INFO  Log - Clicking login button...
2026-03-13 13:02:58 [main] INFO  Log - Verifying page title
2026-03-13 13:02:58 [main] INFO  Log - Closing Browser...
2026-03-13 13:04:50 [main] INFO  Log - Starting WebDriver...
2026-03-13 13:04:52 [main] INFO  Log - Navigating to URL...
2026-03-13 13:04:53 [main] INFO  Log - Starting login test...
2026-03-13 13:04:53 [main] INFO  Log - Adding credentails
2026-03-13 13:04:54 [main] INFO  Log - Clicking login button...
2026-03-13 13:04:58 [main] INFO  Log - Verifying page title
2026-03-13 13:04:58 [main] INFO  Log - Closing Browser...
2026-03-13 13:06:01 [main] INFO  Log - Starting WebDriver...
2026-03-13 13:06:03 [main] INFO  Log - Navigating to URL...
2026-03-13 13:06:04 [main] INFO  Log - Starting login test...
2026-03-13 13:06:04 [main] INFO  Log - Adding credentails
2026-03-13 13:06:04 [main] INFO  Log - Clicking login button...
2026-03-13 13:06:08 [main] INFO  Log - Verifying page title
2026-03-13 13:06:08 [main] INFO  Log - Closing Browser...
2026-06-20 12:13:43 [main] INFO  Log - Starting WebDriver...
2026-06-20 12:14:13 [main] INFO  Log - Navigating to URL...
2026-06-20 12:14:14 [main] INFO  Log - Starting login test...
2026-06-20 12:14:14 [main] INFO  Log - Adding credentails
2026-06-20 12:14:14 [main] INFO  Log - Clicking login button...
2026-06-20 12:14:18 [main] INFO  Log - Verifying page title
2026-06-20 12:14:18 [main] INFO  Log - Closing Browser...
2026-09-02 13:58:05 [main] INFO  Log - Starting WebDriver...
2026-09-02 13:58:11 [main] INFO  Log - Navigating to URL...
2026-09-02 13:58:12 [main] INFO  Log - Starting login test...
2026-09-02 13:58:12 [main] INFO  Log - Adding credentails
2026-09-02 13:58:13 [main] INFO  Log - Clicking login button...
2026-09-02 13:58:15 [main] INFO  Log - Verifying page title
2026-09-02 13:58:15 [main] INFO  Log - Closing Browser...
2026-09-02 19:53:03 [main] INFO  Log - Starting WebDriver...
2026-09-02 19:53:09 [main] INFO  Log - Navigating to URL...
2026-09-02 19:53:11 [main] INFO  Log - Starting login test...
2026-09-02 19:53:11 [main] INFO  Log - Adding credentails
2026-09-02 19:53:12 [main] INFO  Log - Clicking login button...
2026-09-02 19:53:15 [main] INFO  Log - Verifying page title
2026-09-02 19:53:15 [main] INFO  Log - Closing Browser...
2026-09-02 20:58:46 [main] INFO  Log - Starting WebDriver...
2026-09-02 20:58:50 [main] INFO  Log - Navigating to URL...
2026-09-02 20:58:53 [main] INFO  Log - Starting login test...
2026-09-02 20:58:53 [main] INFO  Log - Adding credentails
2026-09-02 20:58:54 [main] INFO  Log - Clicking login button...
2026-09-02 20:58:56 [main] INFO  Log - Verifying page title
2026-09-02 20:58:59 [main] INFO  Log - Closing Browser...
2026-09-02 21:06:06 [main] INFO  Log - Starting WebDriver...
2026-09-02 21:06:09 [main] INFO  Log - Navigating to URL...
2026-09-02 21:06:10 [main] INFO  Log - Starting login test...
2026-09-02 21:06:10 [main] INFO  Log - Adding credentails
2026-09-02 21:06:11 [main] INFO  Log - Clicking login button...
2026-09-02 21:06:14 [main] INFO  Log - Verifying page title
2026-09-02 21:06:17 [main] INFO  Log - Closing Browser...
2026-09-02 21:13:36 [main] INFO  Log - Starting WebDriver...
2026-09-02 21:13:40 [main] INFO  Log - Navigating to URL...
2026-09-02 21:13:41 [main] INFO  Log - Starting login test...
2026-09-02 21:13:41 [main] INFO  Log - Adding credentails
2026-09-02 21:13:43 [main] INFO  Log - Clicking login button...
2026-09-02 21:13:45 [main] INFO  Log - Verifying page title
2026-09-02 21:13:49 [main] INFO  Log - Closing Browser...
2026-09-02 21:15:39 [main] INFO  Log - Starting WebDriver...
2026-09-02 21:15:43 [main] INFO  Log - Navigating to URL...
2026-09-02 21:15:44 [main] INFO  Log - Starting login test...
2026-09-02 21:15:44 [main] INFO  Log - Adding credentails
2026-09-02 21:15:45 [main] INFO  Log - Clicking login button...
2026-09-02 21:15:47 [main] INFO  Log - Verifying page title
2026-09-02 21:15:47 [main] INFO  Log - Closing Browser...
2026-09-02 21:15:48 [main] INFO  Log - Starting WebDriver...
2026-09-02 21:15:50 [main] INFO  Log - Navigating to URL...
2026-09-02 21:15:52 [main] INFO  Log - Starting login test...
2026-09-02 21:15:52 [main] INFO  Log - Adding credentails
2026-09-02 21:15:54 [main] INFO  Log - Clicking login button...
2026-09-02 21:15:56 [main] INFO  Log - Verifying page title
2026-09-02 21:15:56 [main] INFO  Log - Closing Browser...
2026-09-02 21:19:14 [main] INFO  Log - Starting WebDriver...
2026-09-02 21:19:17 [main] INFO  Log - Navigating to URL...
2026-09-02 21:19:20 [main] INFO  Log - Starting login test...
2026-09-02 21:19:20 [main] INFO  Log - Adding credentails
2026-09-02 21:19:21 [main] INFO  Log - Clicking login button...
2026-09-02 21:19:23 [main] INFO  Log - Verifying page title
2026-09-02 21:19:24 [main] INFO  Log - Closing Browser...
2026-09-02 21:19:40 [main] INFO  Log - Starting WebDriver...
2026-09-02 21:19:44 [main] INFO  Log - Navigating to URL...
2026-09-02 21:19:45 [main] INFO  Log - Starting login test...
2026-09-02 21:19:45 [main] INFO  Log - Adding credentails
2026-09-02 21:19:47 [main] INFO  Log - Clicking login button...
2026-09-02 21:19:51 [main] INFO  Log - Verifying page title
2026-09-02 21:19:54 [main] INFO  Log - Closing Browser...
2026-09-02 21:19:55 [main] INFO  Log - Starting WebDriver...
2026-09-02 21:19:57 [main] INFO  Log - Navigating to URL...
2026-09-02 21:19:58 [main] INFO  Log - Starting login test...
2026-09-02 21:19:58 [main] INFO  Log - Adding credentails
2026-09-02 21:19:59 [main] INFO  Log - Clicking login button...
2026-09-02 21:20:01 [main] INFO  Log - Verifying page title
2026-09-02 21:20:01 [main] INFO  Log - Closing Browser...
2026-09-03 13:01:42 [main] INFO  Log - Starting WebDriver...
2026-09-03 13:01:47 [main] INFO  Log - Navigating to URL...
2026-09-03 13:01:48 [main] INFO  Log - Starting login test...
2026-09-03 13:01:48 [main] INFO  Log - Adding credentails
2026-09-03 13:01:50 [main] INFO  Log - Clicking login button...
2026-09-03 13:01:50 [main] INFO  Log - Closing Browser...
2026-09-03 13:01:51 [main] INFO  Log - Starting WebDriver...
2026-09-03 13:01:53 [main] INFO  Log - Navigating to URL...
2026-09-03 13:01:54 [main] INFO  Log - Starting login test...
2026-09-03 13:01:54 [main] INFO  Log - Adding credentails
2026-09-03 13:01:55 [main] INFO  Log - Clicking login button...
2026-09-03 13:01:56 [main] INFO  Log - Closing Browser...
2026-09-03 13:05:05 [main] INFO  Log - Starting WebDriver...
2026-09-03 13:05:09 [main] INFO  Log - Navigating to URL...
2026-09-03 13:05:10 [main] INFO  Log - Starting login test...
2026-09-03 13:05:10 [main] INFO  Log - Adding credentails
2026-09-03 13:05:11 [main] INFO  Log - Clicking login button...
2026-09-03 13:05:14 [main] INFO  Log - Verifying page title
2026-09-03 13:05:18 [main] INFO  Log - Closing Browser...
2026-09-03 13:05:20 [main] INFO  Log - Starting WebDriver...
2026-09-03 13:05:22 [main] INFO  Log - Navigating to URL...
2026-09-03 13:05:23 [main] INFO  Log - Starting login test...
2026-09-03 13:05:23 [main] INFO  Log - Adding credentails
2026-09-03 13:05:24 [main] INFO  Log - Clicking login button...
2026-09-03 13:05:26 [main] INFO  Log - Verifying page title
2026-09-03 13:05:26 [main] INFO  Log - Closing Browser...
2026-09-03 17:54:50 [main] INFO  Log - Starting WebDriver...
2026-09-03 17:54:57 [main] INFO  Log - Navigating to URL...
2026-09-03 17:54:58 [main] INFO  Log - Starting login test...
2026-09-03 17:54:58 [main] INFO  Log - Adding credentails
2026-09-03 17:54:59 [main] INFO  Log - Clicking login button...
2026-09-03 17:55:00 [main] INFO  Log - Verifying page title
2026-09-03 17:55:00 [main] INFO  Log - Closing Browser...
2026-09-03 17:55:01 [main] INFO  Log - Starting WebDriver...
2026-09-03 17:55:03 [main] INFO  Log - Navigating to URL...
2026-09-03 17:55:04 [main] INFO  Log - Starting login test...
2026-09-03 17:55:04 [main] INFO  Log - Adding credentails
2026-09-03 17:55:06 [main] INFO  Log - Clicking login button...
2026-09-03 17:55:07 [main] INFO  Log - Verifying page title
2026-09-03 17:55:07 [main] INFO  Log - Closing Browser...
2026-09-03 17:55:07 [main] INFO  Log - Starting WebDriver...
2026-09-03 17:55:10 [main] INFO  Log - Navigating to URL...
2026-09-03 17:55:11 [main] INFO  Log - Starting login test...
2026-09-03 17:55:11 [main] INFO  Log - Adding credentails
2026-09-03 17:55:13 [main] INFO  Log - Clicking login button...
2026-09-03 17:55:13 [main] INFO  Log - Verifying page title
2026-09-03 17:55:14 [main] INFO  Log - Closing Browser...
2026-09-03 17:57:08 [main] INFO  Log - Starting WebDriver...
2026-09-03 17:57:11 [main] INFO  Log - Navigating to URL...
2026-09-03 17:57:12 [main] INFO  Log - Starting login test...
2026-09-03 17:57:12 [main] INFO  Log - Adding credentails
2026-09-03 17:57:14 [main] INFO  Log - Clicking login button...
2026-09-03 17:57:14 [main] INFO  Log - Verifying page title
2026-09-03 17:57:14 [main] INFO  Log - Closing Browser...
2026-09-03 17:57:15 [main] INFO  Log - Starting WebDriver...
2026-09-03 17:57:18 [main] INFO  Log - Navigating to URL...
2026-09-03 17:57:19 [main] INFO  Log - Starting login test...
2026-09-03 17:57:19 [main] INFO  Log - Adding credentails
2026-09-03 17:57:20 [main] INFO  Log - Clicking login button...
2026-09-03 17:57:21 [main] INFO  Log - Verifying page title
2026-09-03 17:57:21 [main] INFO  Log - Closing Browser...
2026-09-03 17:57:21 [main] INFO  Log - Starting WebDriver...
2026-09-03 17:57:25 [main] INFO  Log - Navigating to URL...
2026-09-03 17:57:25 [main] INFO  Log - Starting login test...
2026-09-03 17:57:25 [main] INFO  Log - Adding credentails
2026-09-03 17:57:27 [main] INFO  Log - Clicking login button...
2026-09-03 17:57:28 [main] INFO  Log - Verifying page title
2026-09-03 17:57:28 [main] INFO  Log - Closing Browser...
2026-09-03 18:02:18 [main] INFO  Log - Starting WebDriver...
2026-09-03 18:02:22 [main] INFO  Log - Navigating to URL...
2026-09-03 18:02:22 [main] INFO  Log - Starting login test...
2026-09-03 18:02:22 [main] INFO  Log - Adding credentails
2026-09-03 18:02:24 [main] INFO  Log - Clicking login button...
2026-09-03 18:02:25 [main] INFO  Log - Verifying page title
2026-09-03 18:02:25 [main] INFO  Log - Closing Browser...
2026-09-03 18:02:26 [main] INFO  Log - Starting WebDriver...
2026-09-03 18:02:28 [main] INFO  Log - Navigating to URL...
2026-09-03 18:02:29 [main] INFO  Log - Starting login test...
2026-09-03 18:02:29 [main] INFO  Log - Adding credentails
2026-09-03 18:02:31 [main] INFO  Log - Clicking login button...
2026-09-03 18:02:31 [main] INFO  Log - Verifying page title
2026-09-03 18:02:32 [main] INFO  Log - Closing Browser...
2026-09-03 18:02:32 [main] INFO  Log - Starting WebDriver...
2026-09-03 18:02:35 [main] INFO  Log - Navigating to URL...
2026-09-03 18:02:36 [main] INFO  Log - Starting login test...
2026-09-03 18:02:36 [main] INFO  Log - Adding credentails
2026-09-03 18:02:38 [main] INFO  Log - Clicking login button...
2026-09-03 18:02:41 [main] INFO  Log - Verifying page title
2026-09-03 18:02:41 [main] INFO  Log - Closing Browser...
2026-09-03 19:49:12 [main] INFO  Log - Starting WebDriver...
2026-09-03 19:49:18 [main] INFO  Log - Navigating to URL...
2026-09-03 19:49:19 [main] INFO  Log - Starting login test...
2026-09-03 19:49:19 [main] INFO  Log - Adding credentails
2026-09-03 19:49:21 [main] INFO  Log - Clicking login button...
2026-09-03 19:49:21 [main] INFO  Log - Verifying page title
2026-09-03 19:49:21 [main] INFO  Log - Closing Browser...
2026-09-03 19:49:22 [main] INFO  Log - Starting WebDriver...
2026-09-03 19:49:25 [main] INFO  Log - Navigating to URL...
2026-09-03 19:49:26 [main] INFO  Log - Starting login test...
2026-09-03 19:49:26 [main] INFO  Log - Adding credentails
2026-09-03 19:49:28 [main] INFO  Log - Clicking login button...
2026-09-03 19:49:29 [main] INFO  Log - Verifying page title
2026-09-03 19:49:29 [main] INFO  Log - Closing Browser...
2026-09-03 19:49:29 [main] INFO  Log - Starting WebDriver...
2026-09-03 19:49:32 [main] INFO  Log - Navigating to URL...
2026-09-03 19:49:33 [main] INFO  Log - Starting login test...
2026-09-03 19:49:33 [main] INFO  Log - Adding credentails
2026-09-03 19:49:35 [main] INFO  Log - Clicking login button...
2026-09-03 19:49:36 [main] INFO  Log - Verifying page title
2026-09-03 19:49:36 [main] INFO  Log - Closing Browser...
2026-09-03 20:05:12 [main] INFO  Log - Starting WebDriver...
2026-09-03 20:05:16 [main] INFO  Log - Navigating to URL...
2026-09-03 20:05:19 [main] INFO  Log - Starting login test...
2026-09-03 20:05:20 [main] INFO  Log - Adding credentails
2026-09-03 20:05:21 [main] INFO  Log - Clicking login button...
2026-09-03 20:05:22 [main] INFO  Log - Verifying page title
2026-09-03 20:05:22 [main] INFO  Log - Closing Browser...
2026-09-05 18:32:20 [main] INFO  Log - Starting WebDriver...
2026-09-05 18:32:27 [main] INFO  Log - Navigating to URL...
2026-09-05 18:32:28 [main] INFO  Log - Starting login test...
2026-09-05 18:32:28 [main] INFO  Log - Adding credentails
2026-09-05 18:32:30 [main] INFO  Log - Clicking login button...
2026-09-05 18:32:30 [main] INFO  Log - Verifying page title
2026-09-05 18:32:30 [main] INFO  Log - Closing Browser...
2026-09-05 19:10:02 [main] INFO  Log - Starting WebDriver...
2026-09-05 19:10:05 [main] INFO  Log - Navigating to URL...
2026-09-05 19:10:06 [main] INFO  Log - Starting login test...
2026-09-05 19:10:07 [main] INFO  Log - Adding credentails
2026-09-05 19:10:08 [main] INFO  Log - Clicking login button...
2026-09-05 19:10:09 [main] INFO  Log - Verifying page title
2026-09-05 19:10:09 [main] INFO  Log - Closing Browser...
2026-09-05 19:10:10 [main] INFO  Log - Starting WebDriver...
2026-09-05 19:10:12 [main] INFO  Log - Navigating to URL...
2026-09-05 19:10:13 [main] INFO  Log - Starting login test...
2026-09-05 19:10:13 [main] INFO  Log - Adding credentails
2026-09-05 19:10:14 [main] INFO  Log - Clicking login button...
2026-09-05 19:10:15 [main] INFO  Log - Verifying page title
2026-09-05 19:10:15 [main] INFO  Log - Closing Browser...
2026-09-05 19:10:15 [main] INFO  Log - Starting WebDriver...
2026-09-05 19:10:18 [main] INFO  Log - Navigating to URL...
2026-09-05 19:10:19 [main] INFO  Log - Starting login test...
2026-09-05 19:10:19 [main] INFO  Log - Adding credentails
2026-09-05 19:10:20 [main] INFO  Log - Clicking login button...
2026-09-05 19:10:20 [main] INFO  Log - Verifying page title
2026-09-05 19:10:21 [main] INFO  Log - Closing Browser...
